// Jest Snapshot v1, https://goo.gl/fbAQLP

exports[`<EventsBody /> renders correctly 1`] = `
<div
  class="card-pf-body kubevirt-events__body"
  id="events-body"
>
  <div>
    Requires component from tectonic
  </div>
</div>
`;
